// Vitest Snapshot v1, https://vitest.dev/guide/snapshot.html

exports[`Text > it matches snapshot 1`] = `
<p
  class="_text_36ca96"
>
  {"children":"Hello world"}
</p>
`;
