// Vitest Snapshot v1, https://vitest.dev/guide/snapshot.html

exports[`Button > it matches snapshot 1`] = `
<button
  class="_button_fd79ec"
  type="button"
>
  hello
</button>
`;
